// Jest Snapshot v1, https://goo.gl/fbAQLP

exports[`10 part two with file example.txt 1`] = `
"
##..##..##..##..##..##..##..##..##..##..
###...###...###...###...###...###...###.
####....####....####....####....####....
#####.....#####.....#####.....#####.....
######......######......######......####
#######.......#######.......#######.....
"
`;

exports[`10 part two with file puzzle.txt 1`] = `
"
###....##.####.###..#..#.###..####.#..#.
#..#....#.#....#..#.#..#.#..#.#....#..#.
###.....#.###..#..#.####.#..#.###..#..#.
#..#....#.#....###..#..#.###..#....#..#.
#..#.#..#.#....#.#..#..#.#.#..#....#..#.
###...##..#....#..#.#..#.#..#.#.....##..
"
`;
