// Jest Snapshot v1, https://goo.gl/fbAQLP

exports[`10 part two 1`] = `
"
##..##..##..##..##..##..##..##..##..##..
###...###...###...###...###...###...###.
####....####....####....####....####....
#####.....#####.....#####.....#####.....
######......######......######......####
#######.......#######.......#######.....
"
`;

exports[`10 part two 2`] = `
"
###....##.####.###..#..#.###..####.#..#.
#..#....#.#....#..#.#..#.#..#.#....#..#.
###.....#.###..#..#.####.#..#.###..#..#.
#..#....#.#....###..#..#.###..#....#..#.
#..#.#..#.#....#.#..#..#.#.#..#....#..#.
###...##..#....#..#.#..#.#..#.#.....##..
"
`;
